// Jest Snapshot v1, https://goo.gl/fbAQLP

exports[`real3 1`] = `
"'use strict';

Object.defineProperty(exports, \\"__esModule\\", {
    value: true
});
exports.bpfrpt_proptype_JobViewImpression = undefined;

var _propTypes = require('prop-types');

var _propTypes2 = _interopRequireDefault(_propTypes);

function _interopRequireDefault(obj) { return obj && obj.__esModule ? obj : { default: obj }; }

var bpfrpt_proptype_JobViewImpression = {
    resultId: _propTypes2.default.string,
    listIndex: _propTypes2.default.number.isRequired,
    searchType: _propTypes2.default.string,
    viewSource: _propTypes2.default.string
};
exports.bpfrpt_proptype_JobViewImpression = bpfrpt_proptype_JobViewImpression;"
`;
