// Jest Snapshot v1, https://goo.gl/fbAQLP

exports[`union-void-through-generic 1`] = `
"\\"use strict\\";

var _propTypes = _interopRequireDefault(require(\\"prop-types\\"));

function _interopRequireDefault(obj) { return obj && obj.__esModule ? obj : { default: obj }; }

var React = require('react');

function C(props) {
  return React.createElement(\\"div\\", null, props.foo);
}

C.propTypes = {
  foo: _propTypes.default.string
};"
`;
